../Drivers/CMSIS/Include/core_cm0.h:623:22:__NVIC_EnableIRQ	16	static
../Drivers/CMSIS/Include/core_cm0.h:730:22:__NVIC_SetPriority	24	static
../Core/Src/team_a.c:14:6:keypad_init	8	static
../Core/Src/team_a.c:34:6:keypad_get_key	16	static
../Core/Src/team_a.c:50:6:delay_ms	24	static,ignoring_inline_asm
../Core/Src/team_a.c:57:6:delay_us	24	static,ignoring_inline_asm
../Core/Src/team_a.c:64:6:lcd_init	8	static
../Core/Src/team_a.c:92:6:lcd_write_instruction	16	static
../Core/Src/team_a.c:103:6:lcd_write_char	16	static
../Core/Src/team_a.c:114:6:lcd_clear	8	static
../Core/Src/team_a.c:120:6:lcd_goto	16	static
../Core/Src/team_a.c:130:6:lcd_write_string	16	static
../Core/Src/team_a.c:138:6:lcd_scroll_left	24	static
../Core/Src/team_a.c:150:6:lcd_create_char	24	static
../Core/Src/team_a.c:160:6:lcd_display_dollar	16	static
../Core/Src/team_a.c:177:6:setup_LEDS	8	static
../Core/Src/team_a.c:203:6:setup_timer	8	static,ignoring_inline_asm
../Core/Src/team_a.c:221:6:setup_WDT	8	static
../Core/Src/team_a.c:232:6:led_sequence1	8	static
../Core/Src/team_a.c:264:6:led_sequence2	8	static
../Core/Src/team_a.c:288:5:get_distance	24	static
../Core/Src/team_a.c:314:6:configure_buzzer	8	static
../Core/Src/team_a.c:320:6:trigger_buzzer	16	static
../Core/Src/team_a.c:328:6:Peri_Init	8	static
../Core/Src/team_a.c:347:6:delay_micro	16	static
../Core/Src/team_a.c:354:6:send_char	16	static
../Core/Src/team_a.c:359:6:send_string	16	static
../Core/Src/team_a.c:365:6:stringify_distance	72	static
../Core/Src/team_a.c:405:6:configure_UART	8	static
../Core/Src/team_a.c:424:6:ADC_Init	8	static
../Core/Src/team_a.c:450:6:PWM_Init	8	static
../Core/Src/team_a.c:476:10:Read_ADC	8	static
../Core/Src/team_a.c:484:6:Set_LED_Brightness	24	static
